// Jest Snapshot v1, https://goo.gl/fbAQLP

exports[`objectIsUnique keys contains a key that doesn't exist should throw error 1`] = `"noExistentKey does not exist in this array value type"`;
